src/app/page.tsx(145,63): error TS2345: Argument of type '{ $users: { $: { where: { id: string; }; }; clients: { invoices: {}; }; invoices: { lineItems: {}; client: {}; business: {}; }; calendarEvents: {}; services: {}; taxes: {}; termsTemplates: {}; businesses: {}; expenses: {}; tdsEntries: { ...; }; }; } | {}' is not assignable to parameter of type '{ $files?: ({} & { $?: ({ where?: ({} & { path?: NonEmpty<BaseWhereClauseValueComplex<string> & { $like?: string | undefined; } & { $ilike?: string | undefined; }> | undefined; url?: NonEmpty<...> | undefined; } & { ...; } & { ...; }) | undefined; fields?: ValidFieldNames<...>[] | undefined; order?: ({ ...; } & { .....'.
  Type '{ $users: { $: { where: { id: string; }; }; clients: { invoices: {}; }; invoices: { lineItems: {}; client: {}; business: {}; }; calendarEvents: {}; services: {}; taxes: {}; termsTemplates: {}; businesses: {}; expenses: {}; tdsEntries: { ...; }; }; }' is not assignable to type '{ $files?: ({} & { $?: ({ where?: ({} & { path?: NonEmpty<BaseWhereClauseValueComplex<string> & { $like?: string | undefined; } & { $ilike?: string | undefined; }> | undefined; url?: NonEmpty<...> | undefined; } & { ...; } & { ...; }) | undefined; fields?: ValidFieldNames<...>[] | undefined; order?: ({ ...; } & { .....'.
    Types of property '$users' are incompatible.
      Type '{ $: { where: { id: string; }; }; clients: { invoices: {}; }; invoices: { lineItems: {}; client: {}; business: {}; }; calendarEvents: {}; services: {}; taxes: {}; termsTemplates: {}; businesses: {}; expenses: {}; tdsEntries: { ...; }; }' is not assignable to type '{ readonly linkedGuestUsers?: ({ readonly linkedGuestUsers?: (... & { $?: { where?: ({} & { email?: NonEmpty<BaseWhereClauseValueComplex<string> & { $like?: string | undefined; } & { ...; } & { ...; }> | undefined; imageURL?: NonEmpty<...> | undefined; type?: NonEmpty<...> | undefined; calendarSecret?: NonEmpty<...>...'.
        Type '{ $: { where: { id: string; }; }; clients: { invoices: {}; }; invoices: { lineItems: {}; client: {}; business: {}; }; calendarEvents: {}; services: {}; taxes: {}; termsTemplates: {}; businesses: {}; expenses: {}; tdsEntries: { ...; }; }' is not assignable to type '{ $?: ({ where?: ({} & { email?: NonEmpty<BaseWhereClauseValueComplex<string> & { $like?: string | undefined; } & { $isNull?: boolean | undefined; } & { $ilike?: string | undefined; }> | undefined; imageURL?: NonEmpty<...> | undefined; type?: NonEmpty<...> | undefined; calendarSecret?: NonEmpty<...> | undefined; } &...'.
          Types of property '$' are incompatible.
            Type '{ where: { id: string; }; }' is not assignable to type '{ where?: ({} & { email?: NonEmpty<BaseWhereClauseValueComplex<string> & { $like?: string | undefined; } & { $isNull?: boolean | undefined; } & { $ilike?: string | undefined; }> | undefined; imageURL?: NonEmpty<...> | undefined; type?: NonEmpty<...> | undefined; calendarSecret?: NonEmpty<...> | undefined; } & { ...;...'.
              Type '{ where: { id: string; }; }' is not assignable to type '{ where?: ({} & { email?: NonEmpty<BaseWhereClauseValueComplex<string> & { $like?: string | undefined; } & { $isNull?: boolean | undefined; } & { $ilike?: string | undefined; }> | undefined; imageURL?: NonEmpty<...> | undefined; type?: NonEmpty<...> | undefined; calendarSecret?: NonEmpty<...> | undefined; } & { ...;...'.
                Types of property 'where' are incompatible.
                  Type '{ id: string; }' is not assignable to type '{} & { email?: NonEmpty<BaseWhereClauseValueComplex<string> & { $like?: string | undefined; } & { $isNull?: boolean | undefined; } & { $ilike?: string | undefined; }> | undefined; imageURL?: NonEmpty<...> | undefined; type?: NonEmpty<...> | undefined; calendarSecret?: NonEmpty<...> | undefined; } & { ...; } & { ...; }'.
                    Type '{ id: string; }' is not assignable to type '{ id?: NonEmpty<BaseWhereClauseValueComplex<string> & { $like?: string | undefined; } & { $isNull?: boolean | undefined; }> | undefined; }'.
                      Types of property 'id' are incompatible.
                        Type 'string' is not assignable to type 'NonEmpty<BaseWhereClauseValueComplex<string> & { $like?: string | undefined; } & { $isNull?: boolean | undefined; }> | undefined'.
